// Jest Snapshot v1, https://goo.gl/fbAQLP

exports[`Сетка Верстка не тронута 1`] = `
<div>
  <section
    class="grid-container"
  >
    <div />
    <div />
    <div />
    <div />
    <div />
  </section>
</div>
`;
