// Jest Snapshot v1, https://goo.gl/fbAQLP

exports[`Сетка Верстка не тронута 1`] = `
"
        <section class=\\"grid-container\\">
            <div></div>
            <div></div>
            <div></div>
            <div></div>
            <div></div>
        </section>
    

"
`;
