// Jest Snapshot v1, https://goo.gl/fbAQLP

exports[`название урока test1 1`] = `
<body>
  <div>
    asd
  </div>
</body>
`;
